  [缓存] COT 已是最新 (最新报告 2026-09-22, 周五 15:30 ET 发布新报告后才需抓取)
  [增量] 黄金 OHLC 补齐 2026-09-24 以来的最新数据 (含实时 bar)
  [提示] 下载中断, 第 2 次重试...
  [提示] 下载中断, 第 3 次重试...
  [提示] 黄金 OHLC 东方财富源失败: Remote end closed connection without response
  [提示] 黄金 OHLC 切换到 yfinance 数据源
  [增量] 美元指数补齐 2026-09-24 以来的最新数据
  [提示] 下载中断, 第 2 次重试...
  [提示] 下载中断, 第 3 次重试...
  [提示] 美元指数东方财富源抓取失败: Remote end closed connection without response
  [提示] 美元指数切换到 yfinance 数据源
正在抓取黄金期权 PCR ...
  [缓存] 沪金期权 PCR 已覆盖抓取窗口, 无需重复抓取
  持仓看板已生成 -> /home/runner/work/gold-cot-tracker/gold-cot-tracker/dashboard.html
  [增量] 黄金 OHLC 补齐 2026-09-24 以来的最新数据 (含实时 bar)
  [提示] 下载中断, 第 2 次重试...
  [提示] 下载中断, 第 3 次重试...
  [提示] 黄金 OHLC 东方财富源失败: Remote end closed connection without response
  [提示] 黄金 OHLC 切换到 yfinance 数据源
Traceback (most recent call last):
  File "/home/runner/work/gold-cot-tracker/gold-cot-tracker/gold_cot.py", line 1331, in <module>
    main()
  File "/home/runner/work/gold-cot-tracker/gold-cot-tracker/gold_cot.py", line 1323, in main
    cmd_dashboard(args.weeks)
  File "/home/runner/work/gold-cot-tracker/gold-cot-tracker/gold_cot.py", line 1280, in cmd_dashboard
    ta = build_ta_data(weeks)
         ^^^^^^^^^^^^^^^^^^^^
  File "/home/runner/work/gold-cot-tracker/gold-cot-tracker/gold_cot.py", line 1188, in build_ta_data
    quotes = fetch_sina_quotes()
             ^^^^^^^^^^^^^^^^^^^
  File "/home/runner/work/gold-cot-tracker/gold-cot-tracker/gold_cot.py", line 639, in fetch_sina_quotes
    m = re.search(r'var hq_str_(hf_\w+)="([^"]*)"', line)
        ^^
NameError: name 're' is not defined. Did you mean: 'req'? Or did you forget to import 're'?
